main.c:76:6:backWardRight	8	static
main.c:83:6:turnLeft	8	static
main.c:95:6:backWardLeft	8	static
main.c:103:6:turnRight	8	static
main.c:111:6:stop	8	static
main.c:116:5:limited	24	static
main.c:127:5:fillter	16	static
main.c:134:6:mode0	16	static
main.c:162:6:mode1	16	static
main.c:186:5:readMode	16	static
main.c:200:6:checkWall	16	static
main.c:217:6:HAL_GPIO_EXTI_Callback	24	static
main.c:246:5:main	8	static
main.c:317:6:SystemClock_Config	72	static
main.c:356:13:MX_TIM1_Init	32	static
main.c:413:13:MX_TIM2_Init	64	static
main.c:476:13:MX_GPIO_Init	40	static
main.c:545:6:Error_Handler	4	static,ignoring_inline_asm
